Running ../../examples/gauss.tml
val it = let n = 4
in let as = _
   in _ ;; _ ;; _ ;; _ ;; _ ;; _ ;; _ ;; _ ;; _ ;; _ ;; _ ;; _ ;; _ ;; _ ;; _ ;; _ ;; _ ;; _ ;; _ ;; _ ;; let bs = _
                                                                                                          in _ ;; _ ;; _ ;; _ ;; let as' = array(n, _)
                                                                                                                                 in set(as', 0, array(n, _)) ;; set(as', 1, array(n, _)) ;; set(as', 2, array(n, _)) ;; _ ;; set(get(as', 0), 0, 3.0) ;; set(get(as', 0), 1, -1.0) ;; _ ;; _ ;; set(get(as', 1), 0, 3.0) ;; set(get(as', 1), 1, -1.0) ;; _ ;; _ ;; set(get(as', 2), 0, 1.0) ;; set(get(as', 2), 1, 2.0) ;; _ ;; _ ;; _ ;; _ ;; _ ;; _ ;; let bs' = _
                                                                                                                                                                                                                                                                                                                                                                                                                                                         in _ ;; _ ;; _ ;; _ ;; let gauss = (fun gauss a
                                                                                                                                                                                                                                                                                                                                                                                                                                                                                                       b => let dia = ref 0
                                                                                                                                                                                                                                                                                                                                                                                                                                                                                                            in (while !dia < n do let row = ref (!dia + 1)
                                                                                                                                                                                                                                                                                                                                                                                                                                                                                                                                  in (while !row < n do let tmp = (get(get(a, !row), !dia)) / (get(get(a, !dia), !dia))
                                                                                                                                                                                                                                                                                                                                                                                                                                                                                                                                                        in let col = ref (!dia + 1)
                                                                                                                                                                                                                                                                                                                                                                                                                                                                                                                                                           in (while !col < n do let x = get(get(a, !row), !col)
                                                                                                                                                                                                                                                                                                                                                                                                                                                                                                                                                                                 in set(get(a, !row), !col, x - (tmp * (get(get(a, !dia), !col)))) ;; _) ;; _ ;; let b_row = _
                                                                                                                                                                                                                                                                                                                                                                                                                                                                                                                                                                                                                                                                 in _ ;; row := !row + 1) ;; dia := !dia + 1) ;; _)
                                                                                                                                                                                                                                                                                                                                                                                                                                                                                in map
                                                                                                                                                                                                                                                                                                                                                                                                                                                                                   (fun f x => gauss
                                                                                                                                                                                                                                                                                                                                                                                                                                                                                               fst x
                                                                                                                                                                                                                                                                                                                                                                                                                                                                                               _)
                                                                                                                                                                                                                                                                                                                                                                                                                                                                                   Cons (_, Cons ((as', _), _)) : trace(reslist)
